eeschema (2011-05-25)-stable  >> Creation date: Wed 17 Oct 2012 22:34:55 BST

#Cmp ( order = Reference ) (with SubCmp)
| U1         BS62LV256   
| U2A        74HC04      
| U2B        74HC04      
| U2C        74HC04      
| U2D        74HC04      
| U2E        74HC04      
| U2F        74HC04      
| U3A        4072        
| U3B        4072        
| U4         74HC4017    
| U5A        74HC08      
| U5B        74HC08      
| U5C        74HC08      
| U5D        74HC08      
| U6         74HC4017    
| U7A        4072        
| U7B        4072        
| U8         74HC4017    
| U9A        4072        
| U9B        4072        
| U10A       4072        
| U11        74HC373     
| U12        74HC373     
| U13        74HC244     
| U14        74HC244     
| U15        74HC244     
| U16        74HC244     
| U17        74HC373     
| U18        74HC373     
| U19        74HC244     
| U20        74HC244     
| U21        74HC373     
| U22        74HC373     
| U23        74HC244     
| U24        74HC244     
| U25A       74HC86      
| U25B       74HC86      
| U25C       74HC86      
| U25D       74HC86      
| U26A       74HC08      
| U26B       74HC08      
| U26C       74HC08      
| U26D       74HC08      
| U27A       74HC86      
| U27B       74HC86      
| U27C       74HC86      
| U27D       74HC86      
| U28A       74HC08      
| U28B       74HC08      
| U28C       74HC08      
| U28D       74HC08      
| U29A       74HC86      
| U29B       74HC86      
| U29C       74HC86      
| U29D       74HC86      
| U30A       74HC08      
| U30B       74HC08      
| U30C       74HC08      
| U30D       74HC08      
| U31A       74HC86      
| U31B       74HC86      
| U31C       74HC86      
| U31D       74HC86      
| U32A       74HC08      
| U32B       74HC08      
| U32C       74HC08      
| U32D       74HC08      
| U33        74HC373     
| U34        74HC373     
| U35        74HC244     
| U36        74HC244     
| U37        74HC244     
| U38        74HC373     
| U39        74HC373     
| U40        74HC244     
| U41        74HC244     
| U42        74HC244     
| U43        74HC244     
| U44        74HC373     
| U45        74HC373     
| U46        74HC244     
| U47        74HC373     
| U48        74HC244     
| U49        74HC373     
| U50        74HC244     
| U51        74HC373     
| U52        74HC244     
| U53A       74HC04      
| U53B       74HC04      
| U53C       74HC04      
| U53D       74HC04      
| U53E       74HC04      
| U53F       74HC04      
| U54A       74HC86      
| U54B       74HC86      
| U54C       74HC86      
| U54D       74HC86      
| U55A       74HC86      
| U55B       74HC86      
| U55C       74HC86      
| U55D       74HC86      
| U56        74HC244     
| U57        74HC244     
| U58        74HC244     
| U59A       74HC08      
| U59B       74HC08      
| U59C       74HC08      
| U59D       74HC08      
| U60A       74HC08      
| U60B       74HC08      
| U60C       74HC08      
| U60D       74HC08      
| U61        74HC244     
| U62        74HC244     
| U63A       74HC32      
| U63B       74HC32      
| U63C       74HC32      
| U63D       74HC32      
| U64A       74HC32      
| U64B       74HC32      
| U64C       74HC32      
| U64D       74HC32      
| U65        74HC244     
| U66A       74HC04      
| U67        74HC244     
| U68        74HC138     
| U69        74HC4078    
| U70A       74HC86      
| U70B       74HC86      
| U70C       74HC86      
| U70D       74HC86      
| U71A       74HC08      
| U71B       74HC08      
| U71C       74HC08      
| U71D       74HC08      
| U72A       74HC86      
| U72B       74HC86      
| U72C       74HC86      
| U72D       74HC86      
| U73A       74HC08      
| U73B       74HC08      
| U73C       74HC08      
| U73D       74HC08      
| U74A       74HC32      
| U74B       74HC32      
| U74C       74HC32      
| U74D       74HC32      
| U75A       74HC86      
| U75B       74HC86      
| U75C       74HC86      
| U75D       74HC86      
| U76A       74HC08      
| U76B       74HC08      
| U76C       74HC08      
| U76D       74HC08      
| U77A       74HC86      
| U77B       74HC86      
| U77C       74HC86      
| U77D       74HC86      
| U78A       74HC08      
| U78B       74HC08      
| U79A       74HC32      
| U79B       74HC32      
| U79C       74HC32      
| U79D       74HC32      
#End Cmp

#Cmp ( order = Value ) (with SubCmp)
| 4072         U3A       
| 4072         U3B       
| 4072         U7A       
| 4072         U7B       
| 4072         U9A       
| 4072         U9B       
| 4072         U10A      
| 74HC04       U2A       
| 74HC04       U2B       
| 74HC04       U2C       
| 74HC04       U2D       
| 74HC04       U2E       
| 74HC04       U2F       
| 74HC04       U53A      
| 74HC04       U53B      
| 74HC04       U53C      
| 74HC04       U53D      
| 74HC04       U53E      
| 74HC04       U53F      
| 74HC04       U66A      
| 74HC08       U5A       
| 74HC08       U5B       
| 74HC08       U5C       
| 74HC08       U5D       
| 74HC08       U26A      
| 74HC08       U26B      
| 74HC08       U26C      
| 74HC08       U26D      
| 74HC08       U28A      
| 74HC08       U28B      
| 74HC08       U28C      
| 74HC08       U28D      
| 74HC08       U30A      
| 74HC08       U30B      
| 74HC08       U30C      
| 74HC08       U30D      
| 74HC08       U32A      
| 74HC08       U32B      
| 74HC08       U32C      
| 74HC08       U32D      
| 74HC08       U59A      
| 74HC08       U59B      
| 74HC08       U59C      
| 74HC08       U59D      
| 74HC08       U60A      
| 74HC08       U60B      
| 74HC08       U60C      
| 74HC08       U60D      
| 74HC08       U71A      
| 74HC08       U71B      
| 74HC08       U71C      
| 74HC08       U71D      
| 74HC08       U73A      
| 74HC08       U73B      
| 74HC08       U73C      
| 74HC08       U73D      
| 74HC08       U76A      
| 74HC08       U76B      
| 74HC08       U76C      
| 74HC08       U76D      
| 74HC08       U78A      
| 74HC08       U78B      
| 74HC138      U68       
| 74HC244      U13       
| 74HC244      U14       
| 74HC244      U15       
| 74HC244      U16       
| 74HC244      U19       
| 74HC244      U20       
| 74HC244      U23       
| 74HC244      U24       
| 74HC244      U35       
| 74HC244      U36       
| 74HC244      U37       
| 74HC244      U40       
| 74HC244      U41       
| 74HC244      U42       
| 74HC244      U43       
| 74HC244      U46       
| 74HC244      U48       
| 74HC244      U50       
| 74HC244      U52       
| 74HC244      U56       
| 74HC244      U57       
| 74HC244      U58       
| 74HC244      U61       
| 74HC244      U62       
| 74HC244      U65       
| 74HC244      U67       
| 74HC32       U63A      
| 74HC32       U63B      
| 74HC32       U63C      
| 74HC32       U63D      
| 74HC32       U64A      
| 74HC32       U64B      
| 74HC32       U64C      
| 74HC32       U64D      
| 74HC32       U74A      
| 74HC32       U74B      
| 74HC32       U74C      
| 74HC32       U74D      
| 74HC32       U79A      
| 74HC32       U79B      
| 74HC32       U79C      
| 74HC32       U79D      
| 74HC373      U11       
| 74HC373      U12       
| 74HC373      U17       
| 74HC373      U18       
| 74HC373      U21       
| 74HC373      U22       
| 74HC373      U33       
| 74HC373      U34       
| 74HC373      U38       
| 74HC373      U39       
| 74HC373      U44       
| 74HC373      U45       
| 74HC373      U47       
| 74HC373      U49       
| 74HC373      U51       
| 74HC4017     U4        
| 74HC4017     U6        
| 74HC4017     U8        
| 74HC4078     U69       
| 74HC86       U25A      
| 74HC86       U25B      
| 74HC86       U25C      
| 74HC86       U25D      
| 74HC86       U27A      
| 74HC86       U27B      
| 74HC86       U27C      
| 74HC86       U27D      
| 74HC86       U29A      
| 74HC86       U29B      
| 74HC86       U29C      
| 74HC86       U29D      
| 74HC86       U31A      
| 74HC86       U31B      
| 74HC86       U31C      
| 74HC86       U31D      
| 74HC86       U54A      
| 74HC86       U54B      
| 74HC86       U54C      
| 74HC86       U54D      
| 74HC86       U55A      
| 74HC86       U55B      
| 74HC86       U55C      
| 74HC86       U55D      
| 74HC86       U70A      
| 74HC86       U70B      
| 74HC86       U70C      
| 74HC86       U70D      
| 74HC86       U72A      
| 74HC86       U72B      
| 74HC86       U72C      
| 74HC86       U72D      
| 74HC86       U75A      
| 74HC86       U75B      
| 74HC86       U75C      
| 74HC86       U75D      
| 74HC86       U77A      
| 74HC86       U77B      
| 74HC86       U77C      
| 74HC86       U77D      
| BS62LV256    U1        
#End Cmp

#End List
